// Jest Snapshot v1, https://goo.gl/fbAQLP

exports[`<PageHeader /> renders component 1`] = `
<DocumentFragment>
  <div
    class="MuiGrid2-root MuiGrid2-container MuiGrid2-direction-xs-row css-1ponysm-MuiGrid2-root"
  >
    <div
      class="MuiGrid2-root MuiGrid2-direction-xs-row css-9vsj4o-MuiGrid2-root"
    >
      <h2
        class="MuiTypography-root MuiTypography-body1 css-1ads7wx-MuiTypography-root"
      >
        Title
      </h2>
    </div>
    <div
      class="MuiGrid2-root MuiGrid2-direction-xs-row css-uxd57x-MuiGrid2-root"
    >
      <div
        class="MuiGrid2-root MuiGrid2-container MuiGrid2-direction-xs-row MuiGrid2-grid-xs-12 css-1ea765k-MuiGrid2-root"
      />
    </div>
  </div>
</DocumentFragment>
`;
