// Jest Snapshot v1, https://goo.gl/fbAQLP

exports[`<PageHeader /> renders component 1`] = `
<DocumentFragment>
  <div
    class="MuiGrid-root MuiGrid-container css-1ecm1b2-MuiGrid-root"
  >
    <div
      class="MuiGrid-root MuiGrid-item css-qhlix2-MuiGrid-root"
    >
      <h2
        class="MuiTypography-root MuiTypography-body1 css-k2dfhw-MuiTypography-root"
      >
        Title
      </h2>
    </div>
    <div
      class="MuiGrid-root MuiGrid-item css-qzr350-MuiGrid-root"
    >
      <div
        class="MuiGrid-root MuiGrid-container css-16g5rpk-MuiGrid-root"
      />
    </div>
  </div>
</DocumentFragment>
`;
